// Jest Snapshot v1, https://goo.gl/fbAQLP

exports[`Button should render a default button 1`] = `
<styled.button>
  This is a default button
</styled.button>
`;

exports[`Button should render a primary button 1`] = `
<styled.button
  primary={true}
>
  This is a primary button
</styled.button>
`;
